SDK DE .NET:
 Version:           8.0.415
 Commit:            7bd5a8c970
 Workload version:  8.0.400-manifests.9933ea8f
 MSBuild version:   17.11.48+02bf66295

Entorno de tiempo de ejecuci├│n:
 OS Name:     Windows
 OS Version:  10.0.19045
 OS Platform: Windows
 RID:         win-x64
 Base Path:   C:\Program Files\dotnet\sdk\8.0.415\

Cargas de trabajo de .NET instaladas:

Host:
  Version:      10.0.0-rc.1.25451.107
  Architecture: x64
  Commit:       2db1f5ee2b
  RID:          win-x64

.NET SDKs installed:
  8.0.317 [C:\Program Files\dotnet\sdk]
  8.0.415 [C:\Program Files\dotnet\sdk]

.NET runtimes installed:
  Microsoft.AspNetCore.App 8.0.20 [C:\Program Files\dotnet\shared\Microsoft.AspNetCore.App]
  Microsoft.AspNetCore.App 8.0.21 [C:\Program Files\dotnet\shared\Microsoft.AspNetCore.App]
  Microsoft.AspNetCore.App 9.0.9 [C:\Program Files\dotnet\shared\Microsoft.AspNetCore.App]
  Microsoft.AspNetCore.App 9.0.10 [C:\Program Files\dotnet\shared\Microsoft.AspNetCore.App]
  Microsoft.NETCore.App 8.0.20 [C:\Program Files\dotnet\shared\Microsoft.NETCore.App]
  Microsoft.NETCore.App 8.0.21 [C:\Program Files\dotnet\shared\Microsoft.NETCore.App]
  Microsoft.NETCore.App 9.0.9 [C:\Program Files\dotnet\shared\Microsoft.NETCore.App]
  Microsoft.NETCore.App 9.0.10 [C:\Program Files\dotnet\shared\Microsoft.NETCore.App]
  Microsoft.NETCore.App 10.0.0-rc.1.25451.107 [C:\Program Files\dotnet\shared\Microsoft.NETCore.App]
  Microsoft.WindowsDesktop.App 8.0.20 [C:\Program Files\dotnet\shared\Microsoft.WindowsDesktop.App]
  Microsoft.WindowsDesktop.App 8.0.21 [C:\Program Files\dotnet\shared\Microsoft.WindowsDesktop.App]
  Microsoft.WindowsDesktop.App 9.0.9 [C:\Program Files\dotnet\shared\Microsoft.WindowsDesktop.App]
  Microsoft.WindowsDesktop.App 9.0.10 [C:\Program Files\dotnet\shared\Microsoft.WindowsDesktop.App]

Other architectures found:
  x86   [C:\Program Files (x86)\dotnet]
    registered at [HKLM\SOFTWARE\dotnet\Setup\InstalledVersions\x86\InstallLocation]

Environment variables:
  Not set

global.json file:
  Not found

Learn more:
  https://aka.ms/dotnet/info

Download .NET:
  https://aka.ms/dotnet/download

