Requirement already satisfied: fastapi>=0.115.0 in c:\programdata\catalogador\python_api\venv\lib\site-packages (from -r C:\Users\USER\Desktop\Catalogador\requirements.txt (line 1)) (0.121.0)
Requirement already satisfied: uvicorn>=0.30.0 in c:\programdata\catalogador\python_api\venv\lib\site-packages (from uvicorn[standard]>=0.30.0->-r C:\Users\USER\Desktop\Catalogador\requirements.txt (line 2)) (0.38.0)
Requirement already satisfied: pydantic>=2.9.0 in c:\programdata\catalogador\python_api\venv\lib\site-packages (from -r C:\Users\USER\Desktop\Catalogador\requirements.txt (line 3)) (2.12.3)
Requirement already satisfied: starlette<0.50.0,>=0.40.0 in c:\programdata\catalogador\python_api\venv\lib\site-packages (from fastapi>=0.115.0->-r C:\Users\USER\Desktop\Catalogador\requirements.txt (line 1)) (0.49.3)
Requirement already satisfied: typing-extensions>=4.8.0 in c:\programdata\catalogador\python_api\venv\lib\site-packages (from fastapi>=0.115.0->-r C:\Users\USER\Desktop\Catalogador\requirements.txt (line 1)) (4.15.0)
Requirement already satisfied: annotated-doc>=0.0.2 in c:\programdata\catalogador\python_api\venv\lib\site-packages (from fastapi>=0.115.0->-r C:\Users\USER\Desktop\Catalogador\requirements.txt (line 1)) (0.0.3)
Requirement already satisfied: annotated-types>=0.6.0 in c:\programdata\catalogador\python_api\venv\lib\site-packages (from pydantic>=2.9.0->-r C:\Users\USER\Desktop\Catalogador\requirements.txt (line 3)) (0.7.0)
Requirement already satisfied: pydantic-core==2.41.4 in c:\programdata\catalogador\python_api\venv\lib\site-packages (from pydantic>=2.9.0->-r C:\Users\USER\Desktop\Catalogador\requirements.txt (line 3)) (2.41.4)
Requirement already satisfied: typing-inspection>=0.4.2 in c:\programdata\catalogador\python_api\venv\lib\site-packages (from pydantic>=2.9.0->-r C:\Users\USER\Desktop\Catalogador\requirements.txt (line 3)) (0.4.2)
Requirement already satisfied: anyio<5,>=3.6.2 in c:\programdata\catalogador\python_api\venv\lib\site-packages (from starlette<0.50.0,>=0.40.0->fastapi>=0.115.0->-r C:\Users\USER\Desktop\Catalogador\requirements.txt (line 1)) (4.11.0)
Requirement already satisfied: idna>=2.8 in c:\programdata\catalogador\python_api\venv\lib\site-packages (from anyio<5,>=3.6.2->starlette<0.50.0,>=0.40.0->fastapi>=0.115.0->-r C:\Users\USER\Desktop\Catalogador\requirements.txt (line 1)) (3.11)
Requirement already satisfied: sniffio>=1.1 in c:\programdata\catalogador\python_api\venv\lib\site-packages (from anyio<5,>=3.6.2->starlette<0.50.0,>=0.40.0->fastapi>=0.115.0->-r C:\Users\USER\Desktop\Catalogador\requirements.txt (line 1)) (1.3.1)
Requirement already satisfied: click>=7.0 in c:\programdata\catalogador\python_api\venv\lib\site-packages (from uvicorn>=0.30.0->uvicorn[standard]>=0.30.0->-r C:\Users\USER\Desktop\Catalogador\requirements.txt (line 2)) (8.3.0)
Requirement already satisfied: h11>=0.8 in c:\programdata\catalogador\python_api\venv\lib\site-packages (from uvicorn>=0.30.0->uvicorn[standard]>=0.30.0->-r C:\Users\USER\Desktop\Catalogador\requirements.txt (line 2)) (0.16.0)
Requirement already satisfied: colorama in c:\programdata\catalogador\python_api\venv\lib\site-packages (from click>=7.0->uvicorn>=0.30.0->uvicorn[standard]>=0.30.0->-r C:\Users\USER\Desktop\Catalogador\requirements.txt (line 2)) (0.4.6)
Requirement already satisfied: httptools>=0.6.3 in c:\programdata\catalogador\python_api\venv\lib\site-packages (from uvicorn[standard]>=0.30.0->-r C:\Users\USER\Desktop\Catalogador\requirements.txt (line 2)) (0.7.1)
Requirement already satisfied: python-dotenv>=0.13 in c:\programdata\catalogador\python_api\venv\lib\site-packages (from uvicorn[standard]>=0.30.0->-r C:\Users\USER\Desktop\Catalogador\requirements.txt (line 2)) (1.2.1)
Requirement already satisfied: pyyaml>=5.1 in c:\programdata\catalogador\python_api\venv\lib\site-packages (from uvicorn[standard]>=0.30.0->-r C:\Users\USER\Desktop\Catalogador\requirements.txt (line 2)) (6.0.3)
Requirement already satisfied: watchfiles>=0.13 in c:\programdata\catalogador\python_api\venv\lib\site-packages (from uvicorn[standard]>=0.30.0->-r C:\Users\USER\Desktop\Catalogador\requirements.txt (line 2)) (1.1.1)
Requirement already satisfied: websockets>=10.4 in c:\programdata\catalogador\python_api\venv\lib\site-packages (from uvicorn[standard]>=0.30.0->-r C:\Users\USER\Desktop\Catalogador\requirements.txt (line 2)) (15.0.1)

